STAGE8_TICKET2C_IMPLEMENTATION_RED
TEXT_ONLY_REQUEST_ADMISSION=FAIL_EXPECTED
TEXT_ONLY_IMAGE_SUPPRESSION=FAIL_EXPECTED
TEXT_ONLY_SUCCESS_RESPONSE_ADMISSION=FAIL_EXPECTED
STAGE7_FULL_REQUEST=PRESERVED
STAGE7_UNAVAILABLE_REQUEST=PRESERVED
STAGE7_FULL_RESPONSE=PRESERVED
STAGE7_UNAVAILABLE_RESPONSE=PRESERVED
ROUTE_COUPLED_TOXICS=DEFINED_AND_PASSING
FOCUSED_TESTS=3_FAILED_8_PASSED
CANONICAL_RED_REPLAY=SEMANTIC_EXACT
PROVIDER_EXECUTIONS=0
PRODUCTION_FILES_CHANGED=0
PRE_EXISTING_DIRTY_STATE=BYTE_IDENTICAL
IMPLEMENTATION_GAPS=3
ADAPTER_TEXT_ONLY_BRANCH=MISSING
ADAPTER_ZERO_IMAGE_TEXT_ONLY_BRANCH=MISSING
BRIDGE_NOT_REQUESTED_SUCCESS_BRANCH=MISSING
PERSISTENT_WORKER=OUT_OF_SCOPE
PRODUCTION_IMPLEMENTATION=NOT_AUTHORIZED
