STAGE8_TICKET3B_GODOT_LIFECYCLE_RED
TEXT_ONLY_ROUTE_SELECTION=FAIL_EXPECTED
CURRENT_PERCEPTION_ROUTE_SELECTION=PASS_ALREADY_PRESENT
TEXT_ONLY_CAPTURE_SUPPRESSION=FAIL_EXPECTED
CURRENT_PERCEPTION_CAPTURE_PRESERVATION=PASS_ALREADY_PRESENT
INTERNAL_LOOKING_STATE=FAIL_EXPECTED
VISIBLE_PRE_CAPTURE_MUTATION_FORBIDDEN=PASS_ALREADY_PRESENT
THINKING_AFTER_COMMIT=FAIL_EXPECTED
CORRELATED_STATUS_CLEAR_GATE=PASS_ALREADY_PRESENT
STALE_RESPONSE_CANNOT_CLEAR_GATE=PASS_ALREADY_PRESENT
TERMINAL_FAILURE_RELEASE=PASS_ALREADY_PRESENT
RUNTIME_SHUTDOWN_STATUS_CLEAR=FAIL_EXPECTED
PERSISTENT_WORKER_AVAILABLE_TO_RUNTIME=FAIL_EXPECTED
SAME_WORKER_ACROSS_SUBMISSIONS=FAIL_EXPECTED
RUNTIME_SHUTDOWN_REQUESTS_EXPLICIT_STOP=FAIL_EXPECTED
WORKER_OWNERSHIP_IMPLEMENTATION_CHOICE=OPEN
FOCUSED_TESTS=7_FAILED_7_PASSED
STAGE7_CAPTURE_ORDER=PRESERVED
TICKET2D_TEXT_ONLY_WIRE=PRESERVED
TICKET2F_WORKER_LIFECYCLE=PRESERVED
PROVIDER_EXECUTIONS=0
PRODUCTION_FILES_CHANGED=0
RUNTIME_IMPLEMENTATION=NOT_AUTHORIZED
