FFFFFFFFFFFFFFFFFFFFF                                                    [100%]
=================================== FAILURES ===================================
____________ test_initialize_state_cli_is_public_and_provider_free _____________
2

During handling of the above exception, another exception occurred:
STAGE6B_INTENTIONAL_RED: public provider-free --initialize-state CLI is absent (argparse exited 2)
----------------------------- Captured stderr call -----------------------------
usage: python -m pytest [-h] [--project-dir PROJECT_DIR] [--provider PROVIDER]
                        [--model MODEL] [--timeout TIMEOUT] [--poll POLL]
                        [--state-file STATE_FILE] [--pid-file PID_FILE]
                        [--once]
python -m pytest: error: unrecognized arguments: --initialize-state
______ test_missing_state_is_created_at_only_the_exact_project_state_path ______
2

During handling of the above exception, another exception occurred:
STAGE6B_INTENTIONAL_RED: public provider-free --initialize-state CLI is absent (argparse exited 2)
----------------------------- Captured stderr call -----------------------------
usage: python -m pytest [-h] [--project-dir PROJECT_DIR] [--provider PROVIDER]
                        [--model MODEL] [--timeout TIMEOUT] [--poll POLL]
                        [--state-file STATE_FILE] [--pid-file PID_FILE]
                        [--once]
python -m pytest: error: unrecognized arguments: --initialize-state
____ test_created_state_has_exact_six_key_schema_and_frozen_initial_values _____
2

During handling of the above exception, another exception occurred:
STAGE6B_INTENTIONAL_RED: public provider-free --initialize-state CLI is absent (argparse exited 2)
----------------------------- Captured stderr call -----------------------------
usage: python -m pytest [-h] [--project-dir PROJECT_DIR] [--provider PROVIDER]
                        [--model MODEL] [--timeout TIMEOUT] [--poll POLL]
                        [--state-file STATE_FILE] [--pid-file PID_FILE]
                        [--once]
python -m pytest: error: unrecognized arguments: --initialize-state
_________________ test_created_state_is_owner_read_write_only __________________
2

During handling of the above exception, another exception occurred:
STAGE6B_INTENTIONAL_RED: public provider-free --initialize-state CLI is absent (argparse exited 2)
----------------------------- Captured stderr call -----------------------------
usage: python -m pytest [-h] [--project-dir PROJECT_DIR] [--provider PROVIDER]
                        [--model MODEL] [--timeout TIMEOUT] [--poll POLL]
                        [--state-file STATE_FILE] [--pid-file PID_FILE]
                        [--once]
python -m pytest: error: unrecognized arguments: --initialize-state
______ test_creation_fsyncs_file_then_links_no_replace_and_fsyncs_cleanup ______
2

During handling of the above exception, another exception occurred:
STAGE6B_INTENTIONAL_RED: public provider-free --initialize-state CLI is absent (argparse exited 2)
----------------------------- Captured stderr call -----------------------------
usage: python -m pytest [-h] [--project-dir PROJECT_DIR] [--provider PROVIDER]
                        [--model MODEL] [--timeout TIMEOUT] [--poll POLL]
                        [--state-file STATE_FILE] [--pid-file PID_FILE]
                        [--once]
python -m pytest: error: unrecognized arguments: --initialize-state
___ test_publication_failure_cleans_private_temp_and_creates_no_final_state ____
2

During handling of the above exception, another exception occurred:
STAGE6B_INTENTIONAL_RED: public provider-free --initialize-state CLI is absent (argparse exited 2)
----------------------------- Captured stderr call -----------------------------
usage: python -m pytest [-h] [--project-dir PROJECT_DIR] [--provider PROVIDER]
                        [--model MODEL] [--timeout TIMEOUT] [--poll POLL]
                        [--state-file STATE_FILE] [--pid-file PID_FILE]
                        [--once]
python -m pytest: error: unrecognized arguments: --initialize-state
______ test_atomic_collision_preserves_racing_final_state_and_cleans_temp ______
2

During handling of the above exception, another exception occurred:
STAGE6B_INTENTIONAL_RED: public provider-free --initialize-state CLI is absent (argparse exited 2)
----------------------------- Captured stderr call -----------------------------
usage: python -m pytest [-h] [--project-dir PROJECT_DIR] [--provider PROVIDER]
                        [--model MODEL] [--timeout TIMEOUT] [--poll POLL]
                        [--state-file STATE_FILE] [--pid-file PID_FILE]
                        [--once]
python -m pytest: error: unrecognized arguments: --initialize-state
_________ test_final_state_symlink_is_rejected_without_target_mutation _________
2

During handling of the above exception, another exception occurred:
STAGE6B_INTENTIONAL_RED: public provider-free --initialize-state CLI is absent (argparse exited 2)
----------------------------- Captured stderr call -----------------------------
usage: python -m pytest [-h] [--project-dir PROJECT_DIR] [--provider PROVIDER]
                        [--model MODEL] [--timeout TIMEOUT] [--poll POLL]
                        [--state-file STATE_FILE] [--pid-file PID_FILE]
                        [--once]
python -m pytest: error: unrecognized arguments: --initialize-state
___ test_existing_valid_state_is_accepted_without_any_byte_or_inode_mutation ___
2

During handling of the above exception, another exception occurred:
STAGE6B_INTENTIONAL_RED: public provider-free --initialize-state CLI is absent (argparse exited 2)
----------------------------- Captured stderr call -----------------------------
usage: python -m pytest [-h] [--project-dir PROJECT_DIR] [--provider PROVIDER]
                        [--model MODEL] [--timeout TIMEOUT] [--poll POLL]
                        [--state-file STATE_FILE] [--pid-file PID_FILE]
                        [--once]
python -m pytest: error: unrecognized arguments: --initialize-state
__________ test_malformed_existing_json_is_rejected_without_mutation ___________
2

During handling of the above exception, another exception occurred:
STAGE6B_INTENTIONAL_RED: public provider-free --initialize-state CLI is absent (argparse exited 2)
----------------------------- Captured stderr call -----------------------------
usage: python -m pytest [-h] [--project-dir PROJECT_DIR] [--provider PROVIDER]
                        [--model MODEL] [--timeout TIMEOUT] [--poll POLL]
                        [--state-file STATE_FILE] [--pid-file PID_FILE]
                        [--once]
python -m pytest: error: unrecognized arguments: --initialize-state
_______ test_duplicate_existing_json_keys_are_rejected_without_mutation ________
2

During handling of the above exception, another exception occurred:
STAGE6B_INTENTIONAL_RED: public provider-free --initialize-state CLI is absent (argparse exited 2)
----------------------------- Captured stderr call -----------------------------
usage: python -m pytest [-h] [--project-dir PROJECT_DIR] [--provider PROVIDER]
                        [--model MODEL] [--timeout TIMEOUT] [--poll POLL]
                        [--state-file STATE_FILE] [--pid-file PID_FILE]
                        [--once]
python -m pytest: error: unrecognized arguments: --initialize-state
_ test_existing_state_with_unknown_or_missing_key_is_rejected_without_mutation _
2

During handling of the above exception, another exception occurred:
STAGE6B_INTENTIONAL_RED: public provider-free --initialize-state CLI is absent (argparse exited 2)
----------------------------- Captured stderr call -----------------------------
usage: python -m pytest [-h] [--project-dir PROJECT_DIR] [--provider PROVIDER]
                        [--model MODEL] [--timeout TIMEOUT] [--poll POLL]
                        [--state-file STATE_FILE] [--pid-file PID_FILE]
                        [--once]
python -m pytest: error: unrecognized arguments: --initialize-state
____ test_wrong_frozen_identity_is_rejected_without_mutation[wrong-profile] ____
2

During handling of the above exception, another exception occurred:
STAGE6B_INTENTIONAL_RED: public provider-free --initialize-state CLI is absent (argparse exited 2)
----------------------------- Captured stderr call -----------------------------
usage: python -m pytest [-h] [--project-dir PROJECT_DIR] [--provider PROVIDER]
                        [--model MODEL] [--timeout TIMEOUT] [--poll POLL]
                        [--state-file STATE_FILE] [--pid-file PID_FILE]
                        [--once]
python -m pytest: error: unrecognized arguments: --initialize-state
___ test_wrong_frozen_identity_is_rejected_without_mutation[wrong-companion] ___
2

During handling of the above exception, another exception occurred:
STAGE6B_INTENTIONAL_RED: public provider-free --initialize-state CLI is absent (argparse exited 2)
----------------------------- Captured stderr call -----------------------------
usage: python -m pytest [-h] [--project-dir PROJECT_DIR] [--provider PROVIDER]
                        [--model MODEL] [--timeout TIMEOUT] [--poll POLL]
                        [--state-file STATE_FILE] [--pid-file PID_FILE]
                        [--once]
python -m pytest: error: unrecognized arguments: --initialize-state
___ test_wrong_frozen_identity_is_rejected_without_mutation[wrong-provider] ____
2

During handling of the above exception, another exception occurred:
STAGE6B_INTENTIONAL_RED: public provider-free --initialize-state CLI is absent (argparse exited 2)
----------------------------- Captured stderr call -----------------------------
usage: python -m pytest [-h] [--project-dir PROJECT_DIR] [--provider PROVIDER]
                        [--model MODEL] [--timeout TIMEOUT] [--poll POLL]
                        [--state-file STATE_FILE] [--pid-file PID_FILE]
                        [--once]
python -m pytest: error: unrecognized arguments: --initialize-state
_____ test_wrong_frozen_identity_is_rejected_without_mutation[wrong-model] _____
2

During handling of the above exception, another exception occurred:
STAGE6B_INTENTIONAL_RED: public provider-free --initialize-state CLI is absent (argparse exited 2)
----------------------------- Captured stderr call -----------------------------
usage: python -m pytest [-h] [--project-dir PROJECT_DIR] [--provider PROVIDER]
                        [--model MODEL] [--timeout TIMEOUT] [--poll POLL]
                        [--state-file STATE_FILE] [--pid-file PID_FILE]
                        [--once]
python -m pytest: error: unrecognized arguments: --initialize-state
____ test_wrong_frozen_identity_is_rejected_without_mutation[wrong-session] ____
2

During handling of the above exception, another exception occurred:
STAGE6B_INTENTIONAL_RED: public provider-free --initialize-state CLI is absent (argparse exited 2)
----------------------------- Captured stderr call -----------------------------
usage: python -m pytest [-h] [--project-dir PROJECT_DIR] [--provider PROVIDER]
                        [--model MODEL] [--timeout TIMEOUT] [--poll POLL]
                        [--state-file STATE_FILE] [--pid-file PID_FILE]
                        [--once]
python -m pytest: error: unrecognized arguments: --initialize-state
______ test_duplicate_processed_request_ids_are_rejected_without_mutation ______
2

During handling of the above exception, another exception occurred:
STAGE6B_INTENTIONAL_RED: public provider-free --initialize-state CLI is absent (argparse exited 2)
----------------------------- Captured stderr call -----------------------------
usage: python -m pytest [-h] [--project-dir PROJECT_DIR] [--provider PROVIDER]
                        [--model MODEL] [--timeout TIMEOUT] [--poll POLL]
                        [--state-file STATE_FILE] [--pid-file PID_FILE]
                        [--once]
python -m pytest: error: unrecognized arguments: --initialize-state
_______ test_malformed_processed_request_id_is_rejected_without_mutation _______
2

During handling of the above exception, another exception occurred:
STAGE6B_INTENTIONAL_RED: public provider-free --initialize-state CLI is absent (argparse exited 2)
----------------------------- Captured stderr call -----------------------------
usage: python -m pytest [-h] [--project-dir PROJECT_DIR] [--provider PROVIDER]
                        [--model MODEL] [--timeout TIMEOUT] [--poll POLL]
                        [--state-file STATE_FILE] [--pid-file PID_FILE]
                        [--once]
python -m pytest: error: unrecognized arguments: --initialize-state
____ test_more_than_256_processed_request_ids_are_rejected_without_mutation ____
2

During handling of the above exception, another exception occurred:
STAGE6B_INTENTIONAL_RED: public provider-free --initialize-state CLI is absent (argparse exited 2)
----------------------------- Captured stderr call -----------------------------
usage: python -m pytest [-h] [--project-dir PROJECT_DIR] [--provider PROVIDER]
                        [--model MODEL] [--timeout TIMEOUT] [--poll POLL]
                        [--state-file STATE_FILE] [--pid-file PID_FILE]
                        [--once]
python -m pytest: error: unrecognized arguments: --initialize-state
________ test_initialization_does_not_claim_request_or_create_response _________
2

During handling of the above exception, another exception occurred:
STAGE6B_INTENTIONAL_RED: public provider-free --initialize-state CLI is absent (argparse exited 2)
----------------------------- Captured stderr call -----------------------------
usage: python -m pytest [-h] [--project-dir PROJECT_DIR] [--provider PROVIDER]
                        [--model MODEL] [--timeout TIMEOUT] [--poll POLL]
                        [--state-file STATE_FILE] [--pid-file PID_FILE]
                        [--once]
python -m pytest: error: unrecognized arguments: --initialize-state
=========================== short test summary info ============================
FAILED tests/test_stage6b_state_bootstrap.py::test_initialize_state_cli_is_public_and_provider_free
FAILED tests/test_stage6b_state_bootstrap.py::test_missing_state_is_created_at_only_the_exact_project_state_path
FAILED tests/test_stage6b_state_bootstrap.py::test_created_state_has_exact_six_key_schema_and_frozen_initial_values
FAILED tests/test_stage6b_state_bootstrap.py::test_created_state_is_owner_read_write_only
FAILED tests/test_stage6b_state_bootstrap.py::test_creation_fsyncs_file_then_links_no_replace_and_fsyncs_cleanup
FAILED tests/test_stage6b_state_bootstrap.py::test_publication_failure_cleans_private_temp_and_creates_no_final_state
FAILED tests/test_stage6b_state_bootstrap.py::test_atomic_collision_preserves_racing_final_state_and_cleans_temp
FAILED tests/test_stage6b_state_bootstrap.py::test_final_state_symlink_is_rejected_without_target_mutation
FAILED tests/test_stage6b_state_bootstrap.py::test_existing_valid_state_is_accepted_without_any_byte_or_inode_mutation
FAILED tests/test_stage6b_state_bootstrap.py::test_malformed_existing_json_is_rejected_without_mutation
FAILED tests/test_stage6b_state_bootstrap.py::test_duplicate_existing_json_keys_are_rejected_without_mutation
FAILED tests/test_stage6b_state_bootstrap.py::test_existing_state_with_unknown_or_missing_key_is_rejected_without_mutation
FAILED tests/test_stage6b_state_bootstrap.py::test_wrong_frozen_identity_is_rejected_without_mutation[wrong-profile]
FAILED tests/test_stage6b_state_bootstrap.py::test_wrong_frozen_identity_is_rejected_without_mutation[wrong-companion]
FAILED tests/test_stage6b_state_bootstrap.py::test_wrong_frozen_identity_is_rejected_without_mutation[wrong-provider]
FAILED tests/test_stage6b_state_bootstrap.py::test_wrong_frozen_identity_is_rejected_without_mutation[wrong-model]
FAILED tests/test_stage6b_state_bootstrap.py::test_wrong_frozen_identity_is_rejected_without_mutation[wrong-session]
FAILED tests/test_stage6b_state_bootstrap.py::test_duplicate_processed_request_ids_are_rejected_without_mutation
FAILED tests/test_stage6b_state_bootstrap.py::test_malformed_processed_request_id_is_rejected_without_mutation
FAILED tests/test_stage6b_state_bootstrap.py::test_more_than_256_processed_request_ids_are_rejected_without_mutation
FAILED tests/test_stage6b_state_bootstrap.py::test_initialization_does_not_claim_request_or_create_response
21 failed in 0.19s
