........................................................................ [ 27%]
........................................................................ [ 54%]
........................................................................ [ 82%]
............................FFF................                          [100%]
=================================== FAILURES ===================================
_ test_ticket3b_runtime_boundary_makes_exactly_one_persistent_worker_available _

    def test_ticket3b_runtime_boundary_makes_exactly_one_persistent_worker_available() -> None:
        """The RED permits either Godot-owned or launcher-owned process supervision."""
>       assert _has_worker_readiness_boundary(), (
            "no Godot/launcher-facing persistent worker readiness and exclusive-ownership "
            "boundary is present; bounded mailbox helper execution is not worker availability"
        )
E       AssertionError: no Godot/launcher-facing persistent worker readiness and exclusive-ownership boundary is present; bounded mailbox helper execution is not worker availability
E       assert False
E        +  where False = _has_worker_readiness_boundary()

tests/test_stage8_ticket3b_worker_ownership_red.py:39: AssertionError
____ test_ticket3b_multiple_submissions_share_one_observed_worker_identity _____

    def test_ticket3b_multiple_submissions_share_one_observed_worker_identity() -> None:
        submit = _function(BRIDGE, "submit")
        assert "--once" not in submit
        assert "process_once" not in submit
        assert "worker" in RUNTIME_SURFACE.lower()
        assert any(token in RUNTIME_SURFACE for token in ("session_id", "FROZEN_SESSION_ID"))
>       assert any(token in RUNTIME_SURFACE.lower() for token in ("worker_ready", "worker_state", "worker_pid")), (
            "runtime has no observable stable worker identity/state across submissions"
        )
E       AssertionError: runtime has no observable stable worker identity/state across submissions
E       assert False
E        +  where False = any(<generator object test_ticket3b_multiple_submissions_share_one_observed_worker_identity.<locals>.<genexpr> at 0x7f00c0d2cd60>)

tests/test_stage8_ticket3b_worker_ownership_red.py:52: AssertionError
________ test_ticket3b_runtime_shutdown_requests_ticket2f_explicit_stop ________

    def test_ticket3b_runtime_shutdown_requests_ticket2f_explicit_stop() -> None:
        shutdown_tokens = ("_exit_tree", "NOTIFICATION_WM_CLOSE_REQUEST", "tree_exiting")
        assert any(token in RUNTIME_SURFACE for token in shutdown_tokens), (
            "runtime/launcher exposes no shutdown lifecycle boundary"
        )
>       assert any(token in RUNTIME_SURFACE for token in ("request_stop", "shutdown", '"stop"')), (
            "runtime/launcher shutdown does not request the Ticket 2F explicit stop lifecycle"
        )
E       AssertionError: runtime/launcher shutdown does not request the Ticket 2F explicit stop lifecycle
E       assert False
E        +  where False = any(<generator object test_ticket3b_runtime_shutdown_requests_ticket2f_explicit_stop.<locals>.<genexpr> at 0x7f00c0bc2b50>)

tests/test_stage8_ticket3b_worker_ownership_red.py:62: AssertionError
=========================== short test summary info ============================
FAILED tests/test_stage8_ticket3b_worker_ownership_red.py::test_ticket3b_runtime_boundary_makes_exactly_one_persistent_worker_available
FAILED tests/test_stage8_ticket3b_worker_ownership_red.py::test_ticket3b_multiple_submissions_share_one_observed_worker_identity
FAILED tests/test_stage8_ticket3b_worker_ownership_red.py::test_ticket3b_runtime_shutdown_requests_ticket2f_explicit_stop
3 failed, 260 passed in 5.51s
