.F                                                                       [100%]
=================================== FAILURES ===================================
____ test_capture_restores_persisted_dimension_wire_types_before_forwarding ____

    def test_capture_restores_persisted_dimension_wire_types_before_forwarding(
    ) -> None:
        body = _capture_persisted_body()
    
        width_normalization = (
            'persisted_viewport["width"] = viewport_width'
        )
        height_normalization = (
            'persisted_viewport["height"] = viewport_height'
        )
        forwarding_boundary = (
            "captured_at = persisted_captured_at"
        )
    
        width_pos = body.find(width_normalization)
        height_pos = body.find(height_normalization)
        forwarding_pos = body.find(forwarding_boundary)
    
>       assert width_pos >= 0, (
            "STAGE7_DIMENSION_RED: persisted viewport width is not "
            "restored to the frozen integer wire type"
        )
E       AssertionError: STAGE7_DIMENSION_RED: persisted viewport width is not restored to the frozen integer wire type
E       assert -1 >= 0

tests/test_stage7_dimension_normalization.py:116: AssertionError
=========================== short test summary info ============================
FAILED tests/test_stage7_dimension_normalization.py::test_capture_restores_persisted_dimension_wire_types_before_forwarding
1 failed, 1 passed in 0.36s
