STAGE8_TICKET2B_AMENDMENT1_ADMITTED
TEXT_ONLY_SUCCESS_RESULT=REPRESENTABLE
TEXT_ONLY_REQUEST_CORRELATION=DETERMINISTIC
TEXT_ONLY_REQUESTED_STATE=not_requested
TEXT_ONLY_EFFECTIVE_STATE=not_requested
TEXT_ONLY_CAPTURE_ID=null
TEXT_ONLY_IMAGE_SHA256=null
CURRENT_PERCEPTION_FULL=UNCHANGED
CURRENT_PERCEPTION_UNAVAILABLE=UNCHANGED
STAGE7_0021_RESPONSE_BYTES=UNCHANGED
TEXT_ONLY_PLUS_FULL_RESULT=REJECTED
TEXT_ONLY_PLUS_UNAVAILABLE_RESULT=REJECTED
CURRENT_PERCEPTION_PLUS_NOT_REQUESTED=REJECTED
NOT_REQUESTED_PLUS_CAPTURE_ID=REJECTED
NOT_REQUESTED_PLUS_IMAGE=REJECTED
NOT_REQUESTED_MIXED_STATE=REJECTED
UNKNOWN_REQUESTED_STATE=REJECTED
UNKNOWN_EFFECTIVE_STATE=REJECTED
HIDDEN_CAPTURE_IMAGE_IDENTITY=REJECTED
RESPONSE_TOP_LEVEL_KEYS=UNCHANGED
PERCEPTION_RESULT_KEYS=UNCHANGED
RESPONSE_ROUTING_MODE=NOT_ADDED
PROVIDER_EXECUTIONS=0
RUNTIME_IMPLEMENTATION=NOT_AUTHORIZED
